// Jest Snapshot v1, https://goo.gl/fbAQLP

exports[`Pruebas en TodoList debe de mostrarse correctamente 1`] = `
<ul
  className="list-group list-group-flush"
>
  <TodoListItem
    handleDelete={[MockFunction]}
    handleToggle={[MockFunction]}
    index={0}
    key="1"
    todo={
      Object {
        "desc": "Aprender React",
        "donde": false,
        "id": 1,
      }
    }
    todos={Array []}
  />
  <TodoListItem
    handleDelete={[MockFunction]}
    handleToggle={[MockFunction]}
    index={1}
    key="2"
    todo={
      Object {
        "desc": "Aprender GA",
        "donde": false,
        "id": 2,
      }
    }
    todos={Array []}
  />
</ul>
`;
