// Jest Snapshot v1, https://goo.gl/fbAQLP

exports[`Pruebas AppRouter debe mostrarse correctamente 1`] = `
Array [
  <nav
    className="navbar navbar-expand-sm navbar-dark bg-dark"
  >
    <div
      className="container-fluid"
    >
      <a
        className="navbar-brand"
        href="/"
        onClick={[Function]}
      >
        UseContext
      </a>
      <div
        className="collapse navbar-collapse"
        id="navbarNavAltMarkup"
      >
        <div
          className="navbar-nav"
        >
          <a
            aria-current="page"
            className="nav-link active"
            href="/"
            onClick={[Function]}
          >
            Home
          </a>
          <a
            className="nav-link"
            href="/about"
            onClick={[Function]}
          >
            About
          </a>
          <a
            className="nav-link"
            href="/login"
            onClick={[Function]}
          >
            Login
          </a>
        </div>
      </div>
    </div>
  </nav>,
  <div
    className="container"
  >
    <div>
      <h3>
        HomeScreen
      </h3>
      <hr />
      <pre />
    </div>
  </div>,
]
`;
